
     | | | | | | |
   _________________
  -|               |-
  -|               |-
  -|               |-
  -|    CYPRESS    |-
  -|               |-
  -|               |-   Warp VHDL Synthesis Compiler: Version 6.3 IR 35
  -|               |-   Copyright (C) 1991-2001 Cypress Semiconductor
   |_______________|
     | | | | | | |

======================================================================
Compiling:  palabra.vhd
Options:    -yu -e10 -w100 -o2 -ygs -fP -v10 -dc22v10 -ppalce22v10-15pc -b palabra.vhd -u palabra.hie
======================================================================

vhdlfe V6.3 IR 35:  VHDL parser
Tue Nov 24 16:05:40 2020

Library 'work' => directory 'lc22v10'
Linking 'C:\Program Files\Cypress\Warp\bin\std.vhd'.
Linking 'C:\Program Files\Cypress\Warp\lib\common\cypress.vhd'.
Linking 'C:\Program Files\Cypress\Warp\lib\common\work\cypress.vif'.
Library 'ieee' => directory 'C:\Program Files\Cypress\Warp\lib\ieee\work'
Linking 'C:\Program Files\Cypress\Warp\lib\ieee\work\stdlogic.vif'.

vhdlfe:  No errors.


tovif V6.3 IR 35:  High-level synthesis
Tue Nov 24 16:05:40 2020

Linking 'C:\Program Files\Cypress\Warp\bin\std.vhd'.
Linking 'C:\Program Files\Cypress\Warp\lib\common\cypress.vhd'.
Linking 'C:\Program Files\Cypress\Warp\lib\common\work\cypress.vif'.
Linking 'C:\Program Files\Cypress\Warp\lib\ieee\work\stdlogic.vif'.

tovif:  No errors.


topld V6.3 IR 35:  Synthesis and optimization
Tue Nov 24 16:05:41 2020

Linking 'C:\Program Files\Cypress\Warp\bin\std.vhd'.
Linking 'C:\Program Files\Cypress\Warp\lib\common\cypress.vhd'.
Linking 'C:\Program Files\Cypress\Warp\lib\common\work\cypress.vif'.
Linking 'C:\Program Files\Cypress\Warp\lib\ieee\work\stdlogic.vif'.

----------------------------------------------------------
Detecting unused logic.
----------------------------------------------------------



------------------------------------------------------
Alias Detection
------------------------------------------------------

------------------------------------------------------
Aliased 0 equations, 24 wires.
------------------------------------------------------

----------------------------------------------------------
Circuit simplification
----------------------------------------------------------

----------------------------------------------------------
Circuit simplification results:

	Expanded 0 signals.
	Turned 0 signals into soft nodes.
	Maximum default expansion cost was set at 10.
----------------------------------------------------------
Created 46 PLD nodes.

topld:  No errors.

----------------------------------------------------------------------------
PLD Optimizer Software:       DSGNOPT.EXE    31/03/2000  [v4.02 ] 6.3 IR 35

DESIGN HEADER INFORMATION  (16:05:42)

Input File(s): palabra.pla
Device       : C22V10
Package      : palce22v10-15pc
ReportFile   : palabra.rpt

Program Controls:
    COMMAND LANGUAGE_VHDL 
    COMMAND PROPERTY BUS_HOLD ENABLE 

Signal Requests:
    GROUP USEPOL ALL
    GROUP FAST_SLEW ALL

Completed Successfully  
----------------------------------------------------------------------------
PLD Optimizer Software:       DSGNOPT.EXE    31/03/2000  [v4.02 ] 6.3 IR 35

OPTIMIZATION OPTIONS       (16:05:42)

Messages:
  Information: Process virtual 'sal_0D'sal_0D ... expanded.
  Information: Process virtual 'sal_1D'sal_1D ... expanded.
  Information: Process virtual 'sal_2D'sal_2D ... expanded.
  Information: Process virtual 'sal_3D'sal_3D ... expanded.
  Information: Process virtual 'sal_4D'sal_4D ... expanded.
  Information: Process virtual 'sal_5D'sal_5D ... expanded.
  Information: Process virtual 'sal_6D'sal_6D ... expanded.
  Information: Process virtual 'sal_7D'sal_7D ... expanded.
  Information: Process virtual 'sal_8D'sal_8D ... expanded.
  Information: Process virtual 'sal_0'sal_0 ... expanded.
  Information: Process virtual 'sal_1'sal_1 ... expanded.
  Information: Process virtual 'sal_2'sal_2 ... expanded.
  Information: Process virtual 'sal_3'sal_3 ... expanded.
  Information: Process virtual 'sal_4'sal_4 ... expanded.
  Information: Process virtual 'sal_5'sal_5 ... expanded.
  Information: Process virtual 'sal_6'sal_6 ... expanded.
  Information: Process virtual 'sal_7' ... converted to NODE.
  Information: Process virtual 'sal_8' ... converted to NODE.
  Information: Optimizing logic using best output polarity for signals:
         display(0).D display(1).D display(2).D display(3).D display(4).D
         display(5).D display(6).D sal_7.D sal_8.D

  Information: Selected logic optimization OFF for signals:
         display(0).AP display(0).C display(1).AP display(1).C display(2).AP
         display(2).C display(3).AR display(3).C display(4).AP display(4).C
         display(5).AP display(5).C display(6).AR display(6).C sal_7.AR
         sal_7.C sal_8.AR sal_8.C



Summary:
                 Error Count = 0      Warning Count = 0

Completed Successfully  
----------------------------------------------------------------------------
PLD Optimizer Software:       MINOPT.EXE     01/NOV/1999  [v4.02 ] 6.3 IR 35

LOGIC MINIMIZATION         ()

Messages:


Summary:
                 Error Count = 0      Warning Count = 0

Completed Successfully
----------------------------------------------------------------------------
PLD Optimizer Software:       DSGNOPT.EXE    31/03/2000  [v4.02 ] 6.3 IR 35

OPTIMIZATION OPTIONS       (16:05:42)

Messages:
  Information: Optimizing Banked Preset/Reset requirements.


Summary:
                 Error Count = 0      Warning Count = 0

Completed Successfully  
----------------------------------------------------------------------------
PLD Compiler Software:        PLA2JED.EXE    31/03/2000  [v4.02 ] 6.3 IR 35

<CYPRESSTAG name="Equations" icon=FILE_RPT_EQUATION>
DESIGN EQUATIONS           (16:05:42)
</CYPRESSTAG>

    /display(0).D =
          display(0).Q * display(1).Q * display(2).Q * /display(3).Q * 
          display(4).Q * display(5).Q * display(6).Q * en * sal_7.Q * 
          /sal_8.Q 
        + display(0).Q * display(1).Q * display(2).Q * /display(3).Q * 
          display(4).Q * display(5).Q * /display(6).Q * en * /sal_7.Q * 
          /sal_8.Q 
        + display(0).Q * display(1).Q * display(3).Q * display(4).Q * 
          /display(5).Q * display(6).Q * en * /sal_7.Q * /sal_8.Q 
        + /display(0).Q * display(1).Q * display(2).Q * display(3).Q * 
          /display(4).Q * /display(5).Q * display(6).Q * /sal_7.Q * 
          /sal_8.Q 
        + /display(0).Q * display(1).Q * display(2).Q * display(3).Q * 
          display(4).Q * display(5).Q * display(6).Q * /sal_7.Q 
        + /display(0).Q * display(1).Q * display(2).Q * display(3).Q * 
          display(4).Q * display(5).Q * display(6).Q * /sal_8.Q 
        + /display(0).Q * /en 

    display(0).AR =
          clr 

    display(0).SP =
          GND

    display(0).C =
          clk 

    /display(1).D =
          display(0).Q * display(1).Q * display(2).Q * /display(3).Q * 
          display(4).Q * display(5).Q * display(6).Q * en * sal_7.Q * 
          /sal_8.Q 
        + /display(0).Q * display(1).Q * display(2).Q * display(3).Q * 
          display(4).Q * display(5).Q * display(6).Q * en * sal_7.Q * 
          /sal_8.Q 
        + /display(1).Q * /en 

    display(1).AR =
          clr 

    display(1).SP =
          GND

    display(1).C =
          clk 

    /display(2).D =
          /display(0).Q * display(1).Q * display(2).Q * display(3).Q * 
          display(4).Q * display(5).Q * display(6).Q * en * sal_7.Q * 
          /sal_8.Q 
        + display(0).Q * display(1).Q * display(2).Q * /display(3).Q * 
          display(4).Q * display(5).Q * display(6).Q * en * /sal_8.Q 
        + /display(2).Q * /en 

    display(2).AR =
          clr 

    display(2).SP =
          GND

    display(2).C =
          clk 

    display(3).D =
          /display(0).Q * /display(1).Q * /display(2).Q * /display(3).Q * 
          display(4).Q * display(5).Q * /display(6).Q * en * /sal_7.Q * 
          /sal_8.Q 
        + display(0).Q * display(1).Q * display(2).Q * /display(3).Q * 
          display(4).Q * display(5).Q * en * /sal_7.Q * /sal_8.Q 
        + /display(0).Q * display(1).Q * display(2).Q * display(3).Q * 
          /display(4).Q * /display(5).Q * display(6).Q * /sal_7.Q * 
          /sal_8.Q 
        + /display(0).Q * display(1).Q * display(2).Q * display(3).Q * 
          display(4).Q * display(5).Q * display(6).Q * /sal_7.Q 
        + /display(0).Q * display(1).Q * display(2).Q * display(3).Q * 
          display(4).Q * display(5).Q * /sal_7.Q * /sal_8.Q 
        + display(0).Q * display(1).Q * display(3).Q * display(4).Q * 
          /display(5).Q * display(6).Q * /sal_7.Q * /sal_8.Q 
        + display(3).Q * /en 

    display(3).AR =
          clr 

    display(3).SP =
          GND

    display(3).C =
          clk 

    /display(4).D =
          /display(0).Q * display(1).Q * display(2).Q * display(3).Q * 
          display(4).Q * display(5).Q * display(6).Q * en * /sal_7.Q 
        + /display(4).Q * /en 

    display(4).AR =
          clr 

    display(4).SP =
          GND

    display(4).C =
          clk 

    /display(5).D =
          display(0).Q * display(1).Q * display(2).Q * /display(3).Q * 
          display(4).Q * display(5).Q * display(6).Q * en * /sal_7.Q * 
          /sal_8.Q 
        + /display(0).Q * /display(1).Q * /display(2).Q * /display(3).Q * 
          display(4).Q * display(5).Q * /display(6).Q * en * /sal_7.Q * 
          /sal_8.Q 
        + /display(0).Q * display(1).Q * display(2).Q * display(3).Q * 
          display(4).Q * display(5).Q * display(6).Q * en * /sal_7.Q 
        + /display(0).Q * display(1).Q * display(2).Q * display(3).Q * 
          display(4).Q * display(5).Q * en * /sal_7.Q * /sal_8.Q 
        + /display(5).Q * /en 

    display(5).AR =
          clr 

    display(5).SP =
          GND

    display(5).C =
          clk 

    display(6).D =
          /display(0).Q * /display(1).Q * /display(2).Q * /display(3).Q * 
          display(4).Q * display(5).Q * /display(6).Q * en * /sal_7.Q * 
          /sal_8.Q 
        + /display(0).Q * display(1).Q * display(2).Q * display(3).Q * 
          /display(4).Q * /display(5).Q * /display(6).Q * en * /sal_7.Q * 
          /sal_8.Q 
        + /display(0).Q * display(1).Q * display(2).Q * display(3).Q * 
          display(4).Q * display(5).Q * display(6).Q * /sal_7.Q * sal_8.Q 
        + display(0).Q * display(1).Q * display(2).Q * /display(3).Q * 
          display(4).Q * display(5).Q * en * /sal_7.Q * /sal_8.Q 
        + display(0).Q * display(1).Q * display(2).Q * display(3).Q * 
          display(4).Q * /display(5).Q * en * /sal_7.Q * /sal_8.Q 
        + display(0).Q * display(1).Q * display(3).Q * display(4).Q * 
          /display(5).Q * display(6).Q * /sal_7.Q * /sal_8.Q 
        + display(6).Q * /en 

    display(6).AR =
          clr 

    display(6).SP =
          GND

    display(6).C =
          clk 

    sal_7.D =
          display(0).Q * display(1).Q * /display(2).Q * display(3).Q * 
          display(4).Q * /display(5).Q * display(6).Q * en * /sal_7.Q * 
          /sal_8.Q 
        + display(0).Q * display(1).Q * display(2).Q * display(3).Q * 
          display(4).Q * /display(5).Q * /display(6).Q * en * /sal_7.Q * 
          /sal_8.Q 
        + display(0).Q * display(1).Q * display(2).Q * /display(3).Q * 
          display(4).Q * display(5).Q * display(6).Q * sal_7.Q * /sal_8.Q 
        + /en * sal_7.Q 

    sal_7.AR =
          clr 

    sal_7.SP =
          GND

    sal_7.C =
          clk 

    sal_8.D =
          display(0).Q * display(1).Q * display(2).Q * display(3).Q * 
          display(4).Q * /display(5).Q * display(6).Q * en * /sal_7.Q * 
          /sal_8.Q 
        + /en * sal_8.Q 

    sal_8.AR =
          clr 

    sal_8.SP =
          GND

    sal_8.C =
          clk 


Completed Successfully  
----------------------------------------------------------------------------
PLD Compiler Software:        PLA2JED.EXE    31/03/2000  [v4.02 ] 6.3 IR 35

DESIGN RULE CHECK          (16:05:42)

Messages:
                 None.


Summary:
                 Error Count = 0      Warning Count = 0

Completed Successfully  
----------------------------------------------------------------------------
PLD Compiler Software:        PLA2JED.EXE    31/03/2000  [v4.02 ] 6.3 IR 35

<CYPRESSTAG name="Pinout" icon=FILE_RPT_PINOUT>
PINOUT INFORMATION   (16:05:42)
</CYPRESSTAG>
Messages:
  Information: Checking for duplicate NODE logic.
                 None.


                                 C22V10
                 __________________________________________
            clk =| 1|                                  |24|* not used       
             en =| 2|                                  |23|= display(6)     
       not used *| 3|                                  |22|= display(5)     
       not used *| 4|                                  |21|= display(4)     
       not used *| 5|                                  |20|= display(3)     
       not used *| 6|                                  |19|= display(2)     
       not used *| 7|                                  |18|= display(1)     
       not used *| 8|                                  |17|= display(0)     
       not used *| 9|                                  |16|* not used       
       not used *|10|                                  |15|= (sal_8)        
       not used *|11|                                  |14|= (sal_7)        
       not used *|12|                                  |13|= clr            
                 __________________________________________


Summary:
                 Error Count = 0      Warning Count = 0

Completed Successfully  
----------------------------------------------------------------------------
PLD Compiler Software:        PLA2JED.EXE    31/03/2000  [v4.02 ] 6.3 IR 35

<CYPRESSTAG name="Utilization" icon=FILE_RPT_UTILIZATION>
RESOURCE UTILIZATION (16:05:42)
</CYPRESSTAG>
  Information: Macrocell Utilization.

                     Description        Used     Max
                 ______________________________________
                 | Dedicated Inputs   |    2  |   11  |
                 | Clock/Inputs       |    1  |    1  |
                 | I/O Macrocells     |    9  |   10  |
                 ______________________________________
                                          12  /   22   = 54  %


  Information: Output Logic Product Term Utilization.

                  Node#  Output Signal Name  Used   Max
                 ________________________________________
                 | 14  |  sal_7           |   4  |   8  |
                 | 15  |  sal_8           |   2  |  10  |
                 | 16  |  Unused          |   0  |  12  |
                 | 17  |  display(0)      |   7  |  14  |
                 | 18  |  display(1)      |   3  |  16  |
                 | 19  |  display(2)      |   3  |  16  |
                 | 20  |  display(3)      |   7  |  14  |
                 | 21  |  display(4)      |   2  |  12  |
                 | 22  |  display(5)      |   5  |  10  |
                 | 23  |  display(6)      |   7  |   8  |
                 | 25  |  Unused          |   0  |   1  |
                 ________________________________________
                                             40  / 121   = 33  %


Completed Successfully  
----------------------------------------------------------------------------
PLD Compiler Software:        PLA2JED.EXE    31/03/2000  [v4.02 ] 6.3 IR 35

JEDEC ASSEMBLE             (16:05:42)

Messages:
  Information: Output file 'palabra.pin' created.
  Information: Output file 'palabra.jed' created.

  Usercode:    
  Checksum:    D4D7



Summary:
                 Error Count = 0      Warning Count = 0

Completed Successfully at 16:05:42
